2025-10-13 14:50:54,390 - INFO - No data to fetch
2025-10-13 14:51:06,709 - INFO - No data to fetch
2025-10-13 14:53:45,078 - DEBUG - Sending request with P_SKIP=0, P_TAKE=100
2025-10-13 14:53:45,080 - DEBUG - Starting new HTTPS connection (1): gateway.dubailand.gov.ae:443
2025-10-13 14:53:46,126 - DEBUG - https://gateway.dubailand.gov.ae:443 "POST /open-data/developers/export/csv HTTP/1.1" 200 18259
2025-10-13 14:53:46,296 - DEBUG - Response status: 200, Response text: ﻿DEVELOPER_NUMBER,DEVELOPER_EN,REGISTRATION_DATE,LICENSE_SOURCE_EN,LICENSE_TYPE_EN,LEGAL_STATUS_EN,WEBPAGE,PHONE,FAX,LICENSE_NUMBER,LICENSE_ISSUE_DATE,LICENSE_EXPIRY_DATE,CHAMBER_OF_COMMERCE_NO
"2188","VERTU REAL ESTATE DEVELOPMENT L.L.C","2025-01-02 08:05:31","DUBAI ECONOMIC DEPARTMENT","PROFESSIONAL","","","","","1446196","2024-12-25 00:00:00","2025-12-24 00:00:00",""
"2189","NABNI ALMUSTAQBAL PROPERTIES DEVELOPMENT L.L.C","2025-01-02 23:27:19","DUBAI ECONOMIC DEPARTMENT","PROFESSIONAL","","","","","1453319","2024-12-24 00:00:00","2025-12-23 00:00:00",""
"2190","GFS WONDERS DEVELOPERS L.L.C","2025-01-07 11:18:35","DUBAI ECONOMIC DEPARTMENT","PROFESSIONAL","","","","","1453303","2024-12-28 00:00:00","2025-12-27 00:00:00",""
"2191","HOMEDGE REAL ESTATE DEVELOPMENT L.L.C","2025-01-07 11:21:48","DUBAI ECONOMIC DEPARTMENT","PROFESSIONAL","","","","","1452829","2024-12-24 00:00:00","2025-12-23 00:00:00",""
"2192","BRAVIMA REAL ESTATE DEVELOPMENT L.L.C","2025-01-08 10:51:38","DUBAI ECONOM
2025-10-13 14:53:46,312 - INFO - Fetched 100 records at skip 0
2025-10-13 14:53:46,312 - DEBUG - Sending request with P_SKIP=100, P_TAKE=100
2025-10-13 14:53:46,316 - DEBUG - Starting new HTTPS connection (1): gateway.dubailand.gov.ae:443
2025-10-13 14:53:46,845 - DEBUG - https://gateway.dubailand.gov.ae:443 "POST /open-data/developers/export/csv HTTP/1.1" 200 17964
2025-10-13 14:53:46,853 - DEBUG - Response status: 200, Response text: ﻿DEVELOPER_NUMBER,DEVELOPER_EN,REGISTRATION_DATE,LICENSE_SOURCE_EN,LICENSE_TYPE_EN,LEGAL_STATUS_EN,WEBPAGE,PHONE,FAX,LICENSE_NUMBER,LICENSE_ISSUE_DATE,LICENSE_EXPIRY_DATE,CHAMBER_OF_COMMERCE_NO
"2288","A M I S SIGNATURE DEVELOPMENT L.L.C","2025-03-21 08:15:29","DUBAI ECONOMIC DEPARTMENT","","","","","","1482283","2025-03-19 00:00:00","2026-03-18 00:00:00",""
"2289","AMBERTON RESIDENCES REAL ESTATE L.L.C","2025-03-24 10:20:47","DUBAI ECONOMIC DEPARTMENT","PROFESSIONAL","","","","","1363520","2024-05-23 00:00:00","2026-05-22 00:00:00",""
"2290","SAMIAH VISION REAL ESTATE DEVELOPMENT L.L.C","2025-03-24 13:13:52","DUBAI ECONOMIC DEPARTMENT","","","","","","1485168","2025-03-23 00:00:00","2026-03-22 00:00:00",""
"2291","HOLM GARDENS REAL ESTATE DEVELOPMENT (Br of LAVISH TOWN REAL ESTATE DEVELOPMENT L.L.C)","2025-03-24 13:15:15","DUBAI ECONOMIC DEPARTMENT","","","","","","1485333","2025-03-24 00:00:00","2026-03-23 00:00:00",""
"2292","BABYLONIA LION REAL ESTATE DEVELOPMENT L.L.C","2025-03-
2025-10-13 14:53:46,855 - INFO - Fetched 100 records at skip 100
2025-10-13 14:53:46,856 - DEBUG - Sending request with P_SKIP=200, P_TAKE=100
2025-10-13 14:53:46,857 - DEBUG - Starting new HTTPS connection (1): gateway.dubailand.gov.ae:443
2025-10-13 14:53:47,372 - DEBUG - https://gateway.dubailand.gov.ae:443 "POST /open-data/developers/export/csv HTTP/1.1" 200 17604
2025-10-13 14:53:47,379 - DEBUG - Response status: 200, Response text: ﻿DEVELOPER_NUMBER,DEVELOPER_EN,REGISTRATION_DATE,LICENSE_SOURCE_EN,LICENSE_TYPE_EN,LEGAL_STATUS_EN,WEBPAGE,PHONE,FAX,LICENSE_NUMBER,LICENSE_ISSUE_DATE,LICENSE_EXPIRY_DATE,CHAMBER_OF_COMMERCE_NO
"2389","AL BATHA REAL ESTATE CO .LLC - DUBAI BRANCH","2025-06-09 13:42:47","DUBAI ECONOMIC DEPARTMENT","PROFESSIONAL","","","","","1225441","2023-08-23 00:00:00","2026-08-22 00:00:00",""
"2390","LEGACY STAR REAL ESTATE DEVELOPMENT L.L.C","2025-06-10 13:40:17","DUBAI ECONOMIC DEPARTMENT","","","","","","1495476","2025-06-10 00:00:00","2026-06-09 00:00:00",""
"2391","NAIA COMMUNITY L.L.C","2025-06-10 14:00:04","DUBAI ECONOMIC DEPARTMENT","PROFESSIONAL","","","","","1290223","2024-01-11 00:00:00","2026-01-10 00:00:00",""
"2392","JEZOUL ESTATES L.L.C","2025-06-10 14:01:15","DUBAI ECONOMIC DEPARTMENT","PROFESSIONAL","","","","","1319102","2024-02-27 00:00:00","2026-02-26 00:00:00",""
"2393","ANANTA REAL ESTATE DEVELOPMENT L.L.C","2025-06-10 14:42:40","DUBAI ECONOMIC DEPARTMENT","","","","","","1490
2025-10-13 14:53:47,383 - INFO - Fetched 100 records at skip 200
2025-10-13 14:53:47,383 - DEBUG - Sending request with P_SKIP=300, P_TAKE=100
2025-10-13 14:53:47,384 - DEBUG - Starting new HTTPS connection (1): gateway.dubailand.gov.ae:443
2025-10-13 14:53:47,881 - DEBUG - https://gateway.dubailand.gov.ae:443 "POST /open-data/developers/export/csv HTTP/1.1" 200 6999
2025-10-13 14:53:47,885 - DEBUG - Response status: 200, Response text: ﻿DEVELOPER_NUMBER,DEVELOPER_EN,REGISTRATION_DATE,LICENSE_SOURCE_EN,LICENSE_TYPE_EN,LEGAL_STATUS_EN,WEBPAGE,PHONE,FAX,LICENSE_NUMBER,LICENSE_ISSUE_DATE,LICENSE_EXPIRY_DATE,CHAMBER_OF_COMMERCE_NO
"2489","NAKHEEL INTERNATIONAL REALTY (L.L.C)","2025-08-27 12:41:26","DUBAI ECONOMIC DEPARTMENT","PRIVATE COMPANY","","","971-4-3622000","971-4-3622091","576214","2005-12-24 00:00:00","2025-12-23 00:00:00",""
"2490","VERTIZONTL REAL ESTATE DEVELOPMENT L.L.C","2025-08-28 07:02:25","DUBAI ECONOMIC DEPARTMENT","PROFESSIONAL","","","","","1473531","2025-02-15 00:00:00","2026-02-14 00:00:00",""
"2491","CRYSTAL BAY AZURE DEVELOPMENT L.L.C","2025-08-29 07:23:04","DUBAI ECONOMIC DEPARTMENT","","","","","","1518434","2025-08-18 00:00:00","2026-08-17 00:00:00",""
"2492","CITY VIEW PRIME REAL ESTATE DEVELOPMENT L.L.C","2025-09-01 12:45:04","DUBAI ECONOMIC DEPARTMENT","","","","","","1546157","2025-09-01 00:00:00","2026-08-31 00:00:00",""
"2493","AZURE HORIZON REAL ESTATE DEVELOPMENTS L.L.C","2025-09-02 07
2025-10-13 14:53:47,887 - INFO - Fetched 39 records at skip 300
2025-10-13 14:53:47,887 - DEBUG - Sending request with P_SKIP=400, P_TAKE=100
2025-10-13 14:53:47,888 - DEBUG - Starting new HTTPS connection (1): gateway.dubailand.gov.ae:443
2025-10-13 14:53:48,390 - DEBUG - https://gateway.dubailand.gov.ae:443 "POST /open-data/developers/export/csv HTTP/1.1" 200 None
2025-10-13 14:53:48,394 - DEBUG - Response status: 200, Response text: {"timeStamp":"2025-10-13T16:53:49.1013245+04:00","responseCode":200,"validationErrorsList":[{"errorNumber":0,"errorMessageSet":null,"validationType":5,"errorMessage":"NO_DATA_FOUND","items":null}],"response":null}
2025-10-13 14:53:48,395 - INFO - No more data to fetch
2025-10-13 14:53:48,405 - INFO - Saved 339 records to dubai_developers_20251013_145345.csv
